// Jest Snapshot v1, https://goo.gl/fbAQLP

exports[`Restaurant Menu component should render correctly 1`] = `
<div
  class="container"
>
  
            
  <h2
    class="title restaurant-menu__title"
  >
    Menu
  </h2>
  
            
  <nav
    class="nav restaurant-menu__nav"
  />
  
            
  <div
    class="restaurant-menu__offers clearfix"
  />
  
        
</div>
`;
