// Jest Snapshot v1, https://goo.gl/fbAQLP

exports[`Restaurant Menu Navigation component should render correctly 1`] = `
<ul
  class="nav__list nav__list--restaurant-menu"
>
  
        
  <li
    class="nav__item"
  >
    
          
    <button
      class="button restaurant-menu__button nav__link nav__link--current"
      data-group="starters"
    >
      Starters
    </button>
    
        
  </li>
  
        
  <li
    class="nav__item"
  >
    
          
    <button
      class="button restaurant-menu__button nav__link"
      data-group="main-dishes"
    >
      Main Dishes
    </button>
    
        
  </li>
  
        
  <li
    class="nav__item"
  >
    
          
    <button
      class="button restaurant-menu__button nav__link"
      data-group="desserts"
    >
      Desserts
    </button>
    
        
  </li>
  
        
  <li
    class="nav__item"
  >
    
          
    <button
      class="button restaurant-menu__button nav__link"
      data-group="drinks"
    >
      Drinks
    </button>
    
        
  </li>
  
      
</ul>
`;
